../Core/Src/main.c:62:6:_tim_timeout_blocking	16	static
../Core/Src/main.c:76:6:_tim_timeout_nonblocking_with_callback	16	static
../Core/Src/main.c:82:6:toggle_LED	8	static
../Core/Src/main.c:91:6:HAL_TIM_PeriodElapsedCallback	16	static
../Core/Src/main.c:110:5:main	8	static
../Core/Src/main.c:166:6:SystemClock_Config	96	static
../Core/Src/main.c:227:13:MX_TIM6_Init	24	static
../Core/Src/main.c:267:13:MX_USART2_UART_Init	8	static
../Core/Src/main.c:302:13:MX_GPIO_Init	40	static
../Core/Src/main.c:341:6:Error_Handler	4	static,ignoring_inline_asm
